magazine-overflow-audit  base=https://www.mhj.nz  issues=9  heights=720/1366
  h720 2025-12 — 감사 대상 아님 (PDF 뷰어)
  h720 2026-01 — 감사 대상 아님 (PDF 뷰어)
  h720 2026-02 ✓
  h720 2026-03 ✓
  h720 2026-04 ✓
  h720 2026-05 — 감사 대상 아님 (템플릿 지면 없음)
  h720 2026-06 ✓
  h720 2026-07 ✓
  h720 2026-08 — 감사 대상 아님 (템플릿 지면 없음)
  h1366 2025-12 — 감사 대상 아님 (PDF 뷰어)
  h1366 2026-01 — 감사 대상 아님 (PDF 뷰어)
  h1366 2026-02 ✓
  h1366 2026-03 ✓
  h1366 2026-04 ✓
  h1366 2026-05 — 감사 대상 아님 (템플릿 지면 없음)
  h1366 2026-06 ✓
  h1366 2026-07 ✓
  h1366 2026-08 — 감사 대상 아님 (템플릿 지면 없음)

템플릿 조판 호수 5개 · 측정 지면 35개
감사 대상 아님: 2025-12(PDF 뷰어), 2026-01(PDF 뷰어), 2026-05(템플릿 지면 없음), 2026-08(템플릿 지면 없음)

✅ 잘린 지면 없음 (창 높이 720px / 1366px 양쪽)
