
light desktop / — 0 ✅

light desktop /blog — 0 ✅ (사진·gradient 위 5건은 재지 못함 — 눈으로 확인)

light desktop /blog/fearless-four — 6 (사진·gradient 위 5건은 재지 못함 — 눈으로 확인)
   2.4:1 (기준 4.5) rgb(156, 163, 175) 10px [style=] span "MHJ ENGLISH GUIDE"
   2.4:1 (기준 4.5) rgb(156, 163, 175) 13px [style=] div "Key timelines and milestones for immigra"
   2.4:1 (기준 4.5) rgb(156, 163, 175) 11px [style=] div "Silent period duration: Krashen, S. (198"
   2.54:1 (기준 4.5) rgb(156, 163, 175) 9px [style=] div "Academic English"

light desktop /about — 0 ✅

light desktop /magazine — 0 ✅ (사진·gradient 위 9건은 재지 못함 — 눈으로 확인)

light mobile / — 0 ✅

light mobile /blog — 0 ✅ (사진·gradient 위 5건은 재지 못함 — 눈으로 확인)

light mobile /blog/fearless-four — 6 (사진·gradient 위 6건은 재지 못함 — 눈으로 확인)
   2.4:1 (기준 4.5) rgb(156, 163, 175) 10px [style=] span "MHJ ENGLISH GUIDE"
   2.4:1 (기준 4.5) rgb(156, 163, 175) 13px [style=] div "Key timelines and milestones for immigra"
   2.4:1 (기준 4.5) rgb(156, 163, 175) 11px [style=] div "Silent period duration: Krashen, S. (198"
   2.54:1 (기준 4.5) rgb(156, 163, 175) 9px [style=] div "Academic English"

light mobile /about — 0 ✅

light mobile /magazine — 57
   1.75:1 (기준 4.5) rgb(139, 125, 107) 14px [style=] div "the"
   1.75:1 (기준 4.5) rgb(139, 125, 107) 8px [style=] div "Mairangi Bay · Auckland · New Zealand"
   1.75:1 (기준 4.5) rgb(139, 125, 107) 11px [style=] div "UNDER THE LITTLE LIGHTS"
   1.75:1 (기준 4.5) rgb(139, 125, 107) 10px [style=] div "Vol. 01"
   1.82:1 (기준 3) rgb(245, 240, 234) 72px [style=] div "MHJ"
   1.82:1 (기준 3) rgb(245, 240, 234) 28px [style=] div "Happy Mummy"
   1.82:1 (기준 3) rgb(245, 240, 234) 20px [style=] div "2026"
   1.94:1 (기준 4.5) rgb(139, 125, 107) 14px [style=] div "the"

dark desktop / — 0 ✅

dark desktop /blog — 0 ✅ (사진·gradient 위 5건은 재지 못함 — 눈으로 확인)

dark desktop /blog/fearless-four — 0 ✅ (사진·gradient 위 5건은 재지 못함 — 눈으로 확인)

dark desktop /about — 0 ✅

dark desktop /magazine — 0 ✅ (사진·gradient 위 9건은 재지 못함 — 눈으로 확인)

dark mobile / — 0 ✅

dark mobile /blog — 0 ✅ (사진·gradient 위 5건은 재지 못함 — 눈으로 확인)

dark mobile /blog/fearless-four — 0 ✅ (사진·gradient 위 6건은 재지 못함 — 눈으로 확인)

dark mobile /about — 0 ✅

dark mobile /magazine — 57
   1.75:1 (기준 4.5) rgb(139, 125, 107) 14px [style=] div "the"
   1.75:1 (기준 4.5) rgb(139, 125, 107) 8px [style=] div "Mairangi Bay · Auckland · New Zealand"
   1.75:1 (기준 4.5) rgb(139, 125, 107) 11px [style=] div "UNDER THE LITTLE LIGHTS"
   1.75:1 (기준 4.5) rgb(139, 125, 107) 10px [style=] div "Vol. 01"
   1.82:1 (기준 3) rgb(245, 240, 234) 72px [style=] div "MHJ"
   1.82:1 (기준 3) rgb(245, 240, 234) 28px [style=] div "Happy Mummy"
   1.82:1 (기준 3) rgb(245, 240, 234) 20px [style=] div "2026"
   1.94:1 (기준 4.5) rgb(139, 125, 107) 14px [style=] div "the"

합계 126 — CSS 클래스 0 · style= 속성 126(본문 HTML 또는 컴포넌트 인라인)
